<?xml version="1.0" encoding="UTF-8"?><mappingRoot xmlns="http://www.ibm.com/2008/ccl/Mapping" domainID="com.ibm.msl.mapping.xml" domainIDExtension="mb" mainMap="true" targetNamespace="default" version="8.0.5.0" xmlns:map="default">
    <inlinedXMLSchema><![CDATA[<?xml version="1.0" encoding="UTF-8"?><xsd:schema xmlns:xsd="http://www.w3.org/2001/XMLSchema">       
        <xsd:element name="JoiningDateTime" nillable="true" type="xsd:string"/>      
    <xsd:element name="Organisation" nillable="true" type="xsd:string"/>       
    <xsd:element name="Ename" nillable="true" type="xsd:string"/>       
    <xsd:element name="Company" nillable="true" type="xsd:string"/>       
    <xsd:element name="Name" nillable="true" type="xsd:string"/>       
</xsd:schema>]]></inlinedXMLSchema>
    <input path="jar:file://!com/ibm/etools/mft/map/xsds/predefined/JsonDomainMsg.xsd" var="var"/>
    <input inlinedXMLSchema="true" path="../schema_0.xsd" var="var2"/>
    <output path="jar:file://!com/ibm/etools/mft/map/xsds/predefined/JsonDomainMsg.xsd" var="var1"/>
    <namespaces>
        <namespace kind="supplement" prefix="io" uri="http://www.ibm.com/iib/msl/json"/>
        <namespace kind="extension" prefix="fn" uri="http://www.w3.org/2005/xpath-functions"/>
    </namespaces>
    <generation engine="xquery"/>
    <mappingDeclaration name="HTTPInputMessageFlow_Mapping">
        <input namespace="http://www.ibm.com/iib/msl/json" path="$var/mb:msg(JSON,assembly,JSON,Properties)" var="MessageAssembly">
            <cast castType="userDefined" path="$MessageAssembly/JSON/Data/type('anyType')" qualifier="{http://www.ibm.com/iib/msl/json}JSONObject" ref="var"/>
            <cast castType="userDefined" path="$MessageAssembly/JSON/spath('Data',2)/any" qualifier="Name" ref="var2"/>
            <cast castType="userDefined" path="$MessageAssembly/JSON/spath('Data',2)/any" qualifier="Company" ref="var2"/>
        </input>
        <output namespace="http://www.ibm.com/iib/msl/json" path="$var1/mb:msg(JSON,assembly,JSON,Properties)">
            <cast castType="userDefined" path="JSON/Data/type('anyType')" qualifier="{http://www.ibm.com/iib/msl/json}JSONObject" ref="var1"/>
            <cast castType="userDefined" path="JSON/spath('Data',2)/any" qualifier="Ename" ref="var2"/>
            <cast castType="userDefined" path="JSON/spath('Data',2)/any" qualifier="Organisation" ref="var2"/>
            <cast castType="userDefined" path="JSON/spath('Data',2)/any" qualifier="JoiningDateTime" ref="var2"/>
        </output>
        <move>
            <input path="$MessageAssembly/Properties"/>
            <output path="Properties"/>
        </move>
        <move>
            <input path="$MessageAssembly/JSON/spath('Data',2)/Name"/>
            <output path="JSON/spath('Data',2)/Ename"/>
        </move>
        <function ref="fn:current-time">
            <output path="JSON/spath('Data',2)/JoiningDateTime"/>
        </function>
        <move>
            <input path="$MessageAssembly/JSON/spath('Data',2)/Company"/>
            <output path="JSON/spath('Data',2)/Organisation"/>
        </move>
    </mappingDeclaration>
</mappingRoot>